LTspice 26.0.1 for Windows
Circuit: C:\Users\user\OneDrive\Desktop\2026 sem 1\ENGG3800\AC Signal Measuring\AC Signal Measuring.net
Start Time: Sun May 10 17:18:28 2026
solver = Normal
Maximum thread count: 10
tnom = 27
temp = 27
method = trap
Instance "u2:M5": Length shorter than recommended for a level 2 MOSFET.
Instance "u2:M6": Length shorter than recommended for a level 2 MOSFET.
Instance "u2:M1": Length shorter than recommended for a level 2 MOSFET.
Instance "u2:M2": Length shorter than recommended for a level 2 MOSFET.
Instance "u2:M3": Length shorter than recommended for a level 2 MOSFET.
Instance "u2:M4": Length shorter than recommended for a level 2 MOSFET.
Instance "u3:M5": Length shorter than recommended for a level 2 MOSFET.
Instance "u3:M6": Length shorter than recommended for a level 2 MOSFET.
Instance "u3:M1": Length shorter than recommended for a level 2 MOSFET.
Instance "u3:M2": Length shorter than recommended for a level 2 MOSFET.
Instance "u3:M3": Length shorter than recommended for a level 2 MOSFET.
Instance "u3:M4": Length shorter than recommended for a level 2 MOSFET.
Instance "u4:M5": Length shorter than recommended for a level 2 MOSFET.
Instance "u4:M6": Length shorter than recommended for a level 2 MOSFET.
Instance "u4:M1": Length shorter than recommended for a level 2 MOSFET.
Instance "u4:M2": Length shorter than recommended for a level 2 MOSFET.
Instance "u4:M3": Length shorter than recommended for a level 2 MOSFET.
Instance "u4:M4": Length shorter than recommended for a level 2 MOSFET.
Direct Newton iteration failed to find operating point.
Starting Gmin stepping
Gmin stepping failed to find operating point. Use".option gminsteps=0" to skip all Gmin stepping.
Starting source stepping with srcstepmethod=0
Source stepping succeeded in finding the operating point.

Total elapsed time: 0.325 seconds.

Files loaded:
C:\Users\user\OneDrive\Desktop\2026 sem 1\ENGG3800\AC Signal Measuring\AC Signal Measuring.net
C:\Users\user\AppData\Local\LTspice\lib\sub\ADI.lib

